\BOOKMARK [2][-]{subsection.0.1}{\376\377\000E\000x\000e\000r\000c\000i\000s\000e\000s}{}% 1
